<a>text<b/></a><a>text<b></b></a><c><d>text</d></c><c><d>text</d></c><e><f/>text<f/></e><e><f></f>text<f></f></e>
