Before if block.


test = "unquoted multi-word value"

After if block.
