This is Content of "includeme.txt"
This is Content of "includeme.txt"

This is Content of "includeme.txt"
