This is before the include
This is the include

This is after the include

