Before if block.


test = value1

After if block.
