Before if block.


test = value2

After if block.
